
-----------------------------------------------------------------------------------------------------------------------------------



[spiderman@ditiss1 ~]$ mkdir dbda
[spiderman@ditiss1 ~]$ cd dbda
[spiderman@ditiss1 dbda]$ mkdir test{1..3}
[spiderman@ditiss1 dbda]$ cd test1
[spiderman@ditiss1 test1]$ touch file{1..5}

[spiderman@ditiss1 test1]$ echo "This is from file 1" >> file1
[spiderman@ditiss1 test1]$ cat  file1
This is from file 1
[spiderman@ditiss1 test1]$ echo "This isoverride content" > file1
[spiderman@ditiss1 test1]$ cat  file1
This isoverride content
[spiderman@ditiss1 test1]$ echo "This is append data for file1" >> file1
[spiderman@ditiss1 test1]$ cat  file1
This isoverride content
This is append data for file1
[spiderman@ditiss1 test1]$ touch file{1..5}.txt file{1..4}.php file{1..4}.py
[spiderman@ditiss1 test1]$ cat  file1
This isoverride content
This is append data for file1
[spiderman@ditiss1 test1]$ ls
file1      file1.txt  file2.py   file3.php  file4      file4.txt
file1.php  file2      file2.txt  file3.py   file4.php  file5
file1.py   file2.php  file3      file3.txt  file4.py   file5.txt

[spiderman@ditiss1 test1]$ ls *.php
file1.php  file2.php  file3.php  file4.php
[spiderman@ditiss1 test1]$ ls *.php
file1.php  file2.php  file3.php  file4.php
[spiderman@ditiss1 test1]$ ls *.txt
file1.txt  file2.txt  file3.txt  file4.txt  file5.txt
[spiderman@ditiss1 test1]$ cat file1
This isoverride content
This is append data for file1
[spiderman@ditiss1 test1]$ cat >> file1
This is data written using the cat command
^C
[spiderman@ditiss1 test1]$ mv file2 file2.txt
[spiderman@ditiss1 test1]$ cd
[spiderman@ditiss1 ~]$ ls
a     dbda     Documents  files1  Music  neel   Pictures  Templates  vim1  vim3
day2  Desktop  Downloads  ketan   nano1  nono1  Public    Videos     vim2

[spiderman@ditiss1 ~]$ cd dbda
[spiderman@ditiss1 dbda]$ ls
test1  test2  test3
[spiderman@ditiss1 dbda]$ cd test1
[spiderman@ditiss1 test1]$ ls
file1      file1.txt  file2.txt  file3.py   file4.php  file5
file1.php  file2.php  file3      file3.txt  file4.py   file5.txt
file1.py   file2.py   file3.php  file4      file4.txt
[spiderman@ditiss1 test1]$ cd
[spiderman@ditiss1 ~]$ cd test2


[spiderman@ditiss1 ~]$ cd dbda
[spiderman@ditiss1 dbda]$ mv test1/file3 test2
[spiderman@ditiss1 dbda]$ cd test2
[spiderman@ditiss1 test2]$ ls
file3
[spiderman@ditiss1 test2]$ cd 
[spiderman@ditiss1 ~]$ cd dbda
[spiderman@ditiss1 dbda]$ ls
test1  test2  test3

[spiderman@ditiss1 test1]$ cd
[spiderman@ditiss1 ~]$ cd dbda
[spiderman@ditiss1 dbda]$ ls
test1  test2  test3

[spiderman@ditiss1 dbda]$ cd test1
[spiderman@ditiss1 test1]$ ls
file1      file1.txt  file2.txt  file3.txt  file4.py   file5.txt
file1.php  file2.php  file3.php  file4      file4.txt
file1.py   file2.py   file3.py   file4.php  file5


[spiderman@ditiss1 test1]$ cd
[spiderman@ditiss1 ~]$ cd dbda
[spiderman@ditiss1 dbda]$ rmdir test3
[spiderman@ditiss1 dbda]$ rm file1

[spiderman@ditiss1 dbda]$ cd test1
[spiderman@ditiss1 test1]$ ls
file1      file1.txt  file2.txt  file3.txt  file4.py   file5.txt
file1.php  file2.php  file3.php  file4      file4.txt
file1.py   file2.py   file3.py   file4.php  file5
[spiderman@ditiss1 test1]$ rm file1
[spiderman@ditiss1 test1]$ ls
file1.php  file2.php  file3.php  file4      file4.txt
file1.py   file2.py   file3.py   file4.php  file5
file1.txt  file2.txt  file3.txt  file4.py   file5.txt
[spiderman@ditiss1 test1]$ cd
[spiderman@ditiss1 ~]$ cd dbda
[spiderman@ditiss1 dbda]$ ls -a
.  ..  test1  test2
[spiderman@ditiss1 dbda]$ cd 
[spiderman@ditiss1 ~]$ touch output
[spiderman@ditiss1 ~]$ cat output
[spiderman@ditiss1 ~]$ cat >> output
^C
[spiderman@ditiss1 ~]$ cd dbda

[spiderman@ditiss1 dbda]$ cat >> .filee1
This is hidden file
^C
[spiderman@ditiss1 dbda]$ ls -a
.  ..  .filee1  fileofnano  h2  .h2  .h21  .hiddenfile  namefile  nanofile  numberfile  test1  test2
[spiderman@ditiss1 dbda]$ nano nano123

[spiderman@ditiss1 dbda]$ tail -n 5 nano123   
contains LIST data types 
into the sales_person table 
in the new database. Put 
double quotes around each 
LIST data type or the insert does not work.
[spiderman@ditiss1 dbda]$ vim vim123


[spiderman@ditiss1 dbda]$ nano nano file

[spiderman@ditiss1 dbda]$ nano nanofile
[spiderman@ditiss1 dbda]$ cat nanofile
this is nano file created by usunf the nano editor
[spiderman@ditiss1 dbda]$ cat nanofile
this is a nano file created by using the nano editor

---------------------------------------------------------------------------------------------------------------------------------

[spiderman@ditiss1 dbda]$ cd dbda
[spiderman@ditiss1 dbda]$ vim namefile
[spiderman@ditiss1 dbda]$ vim numberfile

[spiderman@ditiss1 dbda]$ sort namefile
Apoorva
Hanuman
Ketan
Laksha
Neel
Nikita
ram
Sagar
Seeta
Shyam
veer
Vinay

[spiderman@ditiss1 dbda]$ cat namefile | sort -r
Vinay
veer
Shyam
Seeta
Sagar
ram
Nikita
Neel
Laksha
Ketan
Hanuman
Apoorva
[spiderman@ditiss1 dbda]$ cat numberfile | sort -n
1
8
14
23
49
55
63
70
74
91
367
1044
[spiderman@ditiss1 dbda]$ cat numberfile | sort -nu
1
8
14
23
49
55
63
70
74
91
367
1044

////////////////ZIP & UNZIP/////////////////////////////////////////////////////////////////////////////////////

[spiderman@ditiss ~]$ ls
Desktop  Documents  Downloads  Music  Pictures  Public  Templates  Videos
[spiderman@ditiss ~]$ mkdir ketan
[spiderman@ditiss ~]$ mkdir extracted_files
[spiderman@ditiss ~]$ mkdir compression_assignment
[spiderman@ditiss ~]$ cd compression_assignment
[spiderman@ditiss compression_assignment]$ cat >> file1
This is from file 1
^C
[spiderman@ditiss compression_assignment]$ cat >> file2
This is from file 2
^C
[spiderman@ditiss compression_assignment]$ cat >> file3
This is from file 3
^C
[spiderman@ditiss compression_assignment]$ zip my_files.zip file1 file2 file3
  adding: file1 (stored 0%)
  adding: file2 (stored 0%)
  adding: file3 (stored 0%)
[spiderman@ditiss compression_assignment]$ zip -u my_files.zip file1 file2 file3 
[spiderman@ditiss compression_assignment]$ ls
file1  file2  file3  my_files.zip

[spiderman@ditiss compression_assignment]$ zip my_files.zip file1 file2 file3
  adding: file1 (stored 0%)
  adding: file2 (stored 0%)
  adding: file3 (stored 0%)
[spiderman@ditiss compression_assignment]$ zip -sf my_files.zip
Archive contains:
  file1
  file2
  file3
Total 3 entries (60 bytes)

[spiderman@ditiss extracted_files]$ cd 
[spiderman@ditiss ~]$ ls
compression_assignment  Desktop  Documents  Downloads  extracted_files  ketan  Music  Pictures  Public  Templates  Videos
[spiderman@ditiss ~]$ cd extracted_files
[spiderman@ditiss extracted_files]$ unzip my_files.zip
unzip:  cannot find or open my_files.zip, my_files.zip.zip or my_files.zip.ZIP.
[spiderman@ditiss extracted_files]$ cd
[spiderman@ditiss ~]$ ls
compression_assignment  Desktop  Documents  Downloads  extracted_files  ketan  Music  Pictures  Public  Templates  Videos
[spiderman@ditiss ~]$ cd compression_assignment
[spiderman@ditiss compression_assignment]$ ls
file1  file2  file3  my_files.zip
[spiderman@ditiss compression_assignment]$ pwd
/home/spiderman/compression_assignment
[spiderman@ditiss compression_assignment]$ cd
[spiderman@ditiss ~]$ cd extracted_files
[spiderman@ditiss extracted_files]$ unzip /home/spiderman/compression_assignment/my_files.zip
Archive:  /home/spiderman/compression_assignment/my_files.zip
 extracting: file1                   
 extracting: file2                   
 extracting: file3                   
[spiderman@ditiss extracted_files]$ cat file1 file2 file3
This is from file 1
This is from file 2
This is from file 3
[spiderman@ditiss extracted_files]$ 

/////////////TAR & GZIP ////////////////////////////////////////////////////////////////////////////////


[spiderman@ditiss ~]$ cd extracted_files
[spiderman@ditiss extracted_files]$ unzip my_files.zip
unzip:  cannot find or open my_files.zip, my_files.zip.zip or my_files.zip.ZIP.
[spiderman@ditiss ~]$ ls
compression_assignment  Desktop  Documents  Downloads  extracted_files  ketan  Music  Pictures  Public  Templates  Videos
[spiderman@ditiss ~]$ cd compression_assignment
[spiderman@ditiss compression_assignment]$ ls
file1  file2  file3  my_files.zip
[spiderman@ditiss compression_assignment]$ pwd
/home/spiderman/compression_assignment
[spiderman@ditiss compression_assignment]$ cd
[spiderman@ditiss ~]$ cd extracted_files
[spiderman@ditiss extracted_files]$ unzip /home/spiderman/compression_assignment/my_files.zip
Archive:  /home/spiderman/compression_assignment/my_files.zip
 extracting: file1                   
 extracting: file2                   
 extracting: file3                   
[spiderman@ditiss extracted_files]$ cat file1 file2 file3
This is from file 1
This is from file 2
This is from file 3
[spiderman@ditiss ~]$ ls
compression_assignment  Desktop  Documents  Downloads  extracted_files  ketan  Music  Pictures  Public  Templates  Videos
[spiderman@ditiss ~]$ mkdir tar_assignment
[spiderman@ditiss ~]$ cd tar_assignment/
[spiderman@ditiss tar_assignment]$ cat >> fileA.txt
This is from file A
^C
[spiderman@ditiss tar_assignment]$ cat >> fileB.txt
This is from file B
^C
[spiderman@ditiss tar_assignment]$ cat >> fileC.txt
This is from file C
^C

[spiderman@ditiss tar_assignment]$ tar file
fileA.txt  fileB.txt  fileC.txt  

[spiderman@ditiss tar_assignment]$ tar file
fileA.txt  fileB.txt  fileC.txt  

[spiderman@ditiss tar_assignment]$ tar file
fileA.txt  fileB.txt  fileC.txt  


[spiderman@ditiss tar_assignment]$ tar -czvf my_archive.tar fileA.txt fileB.txt fileC.txt
fileA.txt
fileB.txt
fileC.txt

[spiderman@ditiss tar_assignment]$ cd 

[spiderman@ditiss ~]$ mkdir decompressed_files

[spiderman@ditiss ~]$ cd decompressed_files

[spiderman@ditiss decompressed_files]$ cd

[spiderman@ditiss ~]$ cd tar_assignment/

[spiderman@ditiss tar_assignment]$ ls

fileA.txt  fileB.txt  fileC.txt  my_archive.tar

[spiderman@ditiss tar_assignment]$ pwd

/home/spiderman/tar_assignment

[spiderman@ditiss tar_assignment]$ cd

[spiderman@ditiss ~]$ cd decompressed_files/



[spiderman@ditiss decompressed_files]$ gunzip -c /home/spiderman/tar_assignment/my_archive.tar

fileA.txt0000664000175000017500000000002414574065120013367 0ustar  spidermanspidermanThis is from file A
fileB.txt0000664000175000017500000000002414574065137013400 0ustar  spidermanspidermanThis is from file B
fileC.txt0000664000175000017500000000002414574065153013377 0ustar  spidermanspidermanThis is from file C
[spiderman@ditiss decompressed_files]$ 

-----------------------------------------------------------------------------------------------------------------------------

[root@ditiss1 ~]# useradd virat
[root@ditiss1 ~]# passwd virat
Changing password for user virat.
New password: 
BAD PASSWORD: The password is shorter than 8 characters
Retype new password: 
passwd: all authentication tokens updated successfully.
[root@ditiss1 ~]# su - sachin
[sachin@ditiss1 ~]$ exit
logout
[root@ditiss1 ~]# su - virat
[virat@ditiss1 ~]$ exit
logout

[root@ditiss1 ~]# cat /etc/passwd 
root:x:0:0:root:/root:/bin/bash
bin:x:1:1:bin:/bin:/sbin/nologin
daemon:x:2:2:daemon:/sbin:/sbin/nologin
adm:x:3:4:adm:/var/adm:/sbin/nologin
lp:x:4:7:lp:/var/spool/lpd:/sbin/nologin
sync:x:5:0:sync:/sbin:/bin/sync
shutdown:x:6:0:shutdown:/sbin:/sbin/shutdown
halt:x:7:0:halt:/sbin:/sbin/halt
mail:x:8:12:mail:/var/spool/mail:/sbin/nologin
operator:x:11:0:operator:/root:/sbin/nologin
games:x:12:100:games:/usr/games:/sbin/nologin
ftp:x:14:50:FTP User:/var/ftp:/sbin/nologin
nobody:x:99:99:Nobody:/:/sbin/nologin
systemd-network:x:192:192:systemd Network Management:/:/sbin/nologin
dbus:x:81:81:System message bus:/:/sbin/nologin
polkitd:x:999:998:User for polkitd:/:/sbin/nologin
libstoragemgmt:x:998:996:daemon account for libstoragemgmt:/var/run/lsm:/sbin/nologin
colord:x:997:995:User for colord:/var/lib/colord:/sbin/nologin
rpc:x:32:32:Rpcbind Daemon:/var/lib/rpcbind:/sbin/nologin
saned:x:996:993:SANE scanner daemon user:/usr/share/sane:/sbin/nologin
saslauth:x:995:76:Saslauthd user:/run/saslauthd:/sbin/nologin
abrt:x:173:173::/etc/abrt:/sbin/nologin
setroubleshoot:x:994:991::/var/lib/setroubleshoot:/sbin/nologin
rtkit:x:172:172:RealtimeKit:/proc:/sbin/nologin
pulse:x:171:171:PulseAudio System Daemon:/var/run/pulse:/sbin/nologin
chrony:x:993:988::/var/lib/chrony:/sbin/nologin
unbound:x:992:987:Unbound DNS resolver:/etc/unbound:/sbin/nologin
radvd:x:75:75:radvd user:/:/sbin/nologin
tss:x:59:59:Account used by the trousers package to sandbox the tcsd daemon:/dev/null:/sbin/nologin
usbmuxd:x:113:113:usbmuxd user:/:/sbin/nologin
geoclue:x:991:985:User for geoclue:/var/lib/geoclue:/sbin/nologin
qemu:x:107:107:qemu user:/:/sbin/nologin
gluster:x:990:984:GlusterFS daemons:/run/gluster:/sbin/nologin
gdm:x:42:42::/var/lib/gdm:/sbin/nologin
rpcuser:x:29:29:RPC Service User:/var/lib/nfs:/sbin/nologin
nfsnobody:x:65534:65534:Anonymous NFS User:/var/lib/nfs:/sbin/nologin
gnome-initial-setup:x:989:983::/run/gnome-initial-setup/:/sbin/nologin
sshd:x:74:74:Privilege-separated SSH:/var/empty/sshd:/sbin/nologin
avahi:x:70:70:Avahi mDNS/DNS-SD Stack:/var/run/avahi-daemon:/sbin/nologin
postfix:x:89:89::/var/spool/postfix:/sbin/nologin
ntp:x:38:38::/etc/ntp:/sbin/nologin
tcpdump:x:72:72::/:/sbin/nologin
spiderman:x:1000:1000:Spiderman:/home/spiderman:/bin/bash
dbda:x:1002:1003::/home/dbda:/bin/bash
dia:x:1003:1004::/home/dia:/bin/bash
ditiss:x:1004:1005::/home/ditiss:/bin/bash
harry1:x:1006:1007::/home/harry1:/bin/bash
tom1:x:1007:1008::/home/tom1:/bin/bash
natasha1:x:1008:1009::/home/natasha1:/bin/bash
tom:x:1009:1013::/home/tom:/bin/bash
ketan:x:1010:1014::/home/ketan:/bin/bash
neel:x:1011:1015::/home/neel:/bin/bash
nikita:x:1012:1016::/home/nikita:/bin/bash
geeta:x:1014:1018::/home/geeta:/bin/bash
sachin:x:1015:1019::/home/sachin:/bin/bash
virat:x:1016:1020::/home/virat:/bin/bash

[root@ditiss1 ~]# cat /etc/passwd | wc
     56     100    2807

[root@ditiss1 ~]# head -n 10 /etc/passwd | cat > first10
[root@ditiss1 ~]# cat first10
root:x:0:0:root:/root:/bin/bash
bin:x:1:1:bin:/bin:/sbin/nologin
daemon:x:2:2:daemon:/sbin:/sbin/nologin
adm:x:3:4:adm:/var/adm:/sbin/nologin
lp:x:4:7:lp:/var/spool/lpd:/sbin/nologin
sync:x:5:0:sync:/sbin:/bin/sync
shutdown:x:6:0:shutdown:/sbin:/sbin/shutdown
halt:x:7:0:halt:/sbin:/sbin/halt
mail:x:8:12:mail:/var/spool/mail:/sbin/nologin
operator:x:11:0:operator:/root:/sbin/nologin

[root@ditiss1 ~]# tail -n 10 /etc/passwd | cat > last10
[root@ditiss1 ~]# cat last10
harry1:x:1006:1007::/home/harry1:/bin/bash
tom1:x:1007:1008::/home/tom1:/bin/bash
natasha1:x:1008:1009::/home/natasha1:/bin/bash
tom:x:1009:1013::/home/tom:/bin/bash
ketan:x:1010:1014::/home/ketan:/bin/bash
neel:x:1011:1015::/home/neel:/bin/bash
nikita:x:1012:1016::/home/nikita:/bin/bash
geeta:x:1014:1018::/home/geeta:/bin/bash
sachin:x:1015:1019::/home/sachin:/bin/bash
virat:x:1016:1020::/home/virat:/bin/bash
[root@ditiss1 ~]# 


-------------------------------------------------------------------------------------------------------

[root@ditiss1 ~]# useradd ketan
[root@ditiss1 ~]# useradd neel
[root@ditiss1 ~]# useradd nikita
[root@ditiss1 ~]# groupadd group1
[root@ditiss1 ~]# usermod -G group1 ketan
[root@ditiss1 ~]# usermod -G group2 neel
usermod: group 'group2' does not exist
[root@ditiss1 ~]# groupadd group2
[root@ditiss1 ~]# usermod -G group2 neel
[root@ditiss1 ~]# usermod -G group2 nikita
[root@ditiss1 ~]# groupadd group3
[root@ditiss1 ~]# usermod -aG group3 nikita
[root@ditiss1 ~]# cat /etc/group
root:x:0:
bin:x:1:
daemon:x:2:
sys:x:3:
adm:x:4:
tty:x:5:
disk:x:6:
lp:x:7:
mem:x:8:
kmem:x:9:
wheel:x:10:
cdrom:x:11:
mail:x:12:postfix
man:x:15:
dialout:x:18:
floppy:x:19:
games:x:20:
tape:x:33:
video:x:39:
ftp:x:50:
lock:x:54:
audio:x:63:
nobody:x:99:
users:x:100:
utmp:x:22:
utempter:x:35:
input:x:999:
systemd-journal:x:190:
systemd-network:x:192:
dbus:x:81:
polkitd:x:998:
printadmin:x:997:
libstoragemgmt:x:996:
colord:x:995:
rpc:x:32:
dip:x:40:
cgred:x:994:
saned:x:993:
ssh_keys:x:992:
saslauth:x:76:
abrt:x:173:
setroubleshoot:x:991:
rtkit:x:172:
pulse-access:x:990:
pulse-rt:x:989:
pulse:x:171:
chrony:x:988:
unbound:x:987:
radvd:x:75:
tss:x:59:
libvirt:x:986:
usbmuxd:x:113:
geoclue:x:985:
kvm:x:36:qemu
qemu:x:107:
gluster:x:984:
gdm:x:42:
rpcuser:x:29:
nfsnobody:x:65534:
gnome-initial-setup:x:983:
sshd:x:74:
avahi:x:70:
slocate:x:21:
postdrop:x:90:
postfix:x:89:
ntp:x:38:
stapusr:x:156:
stapsys:x:157:
stapdev:x:158:
tcpdump:x:72:
spiderman:x:1000:spiderman
CDAC:x:1001:dbda,ditiss
dbda:x:1003:
dia:x:1004:
ditiss:x:1005:
harry1:x:1007:
tom1:x:1008:
natasha1:x:1009:
group11:x:1010:
group21:x:1011:
group31:x:1012:
tom:x:1013:
ketan:x:1014:
neel:x:1015:
nikita:x:1016:
group1:x:1017:ketan
group2:x:1018:neel,nikita
group3:x:1019:nikita
[root@ditiss1 ~]# gpass -d group2
bash: gpass: command not found...
[root@ditiss1 ~]# gpasswd -d nikita
Usage: gpasswd [option] GROUP

Options:
  -a, --add USER                add USER to GROUP
  -d, --delete USER             remove USER from GROUP
  -h, --help                    display this help message and exit
  -Q, --root CHROOT_DIR         directory to chroot into
  -r, --delete-password         remove the GROUP's password
  -R, --restrict                restrict access to GROUP to its members
  -M, --members USER,...        set the list of members of GROUP
  -A, --administrators ADMIN,...
                                set the list of administrators for GROUP
Except for the -A and -M options, the options cannot be combined.
[root@ditiss1 ~]# gpasswd -d nikita group2
Removing user nikita from group group2
[root@ditiss1 ~]# gpasswd -d neel group2
Removing user neel from group group2
[root@ditiss1 ~]# gpasswd -d nikita group3
Removing user nikita from group group3
[root@ditiss1 ~]# cat /etc/group
root:x:0:
bin:x:1:
daemon:x:2:
sys:x:3:
adm:x:4:
tty:x:5:
disk:x:6:
lp:x:7:
mem:x:8:
kmem:x:9:
wheel:x:10:
cdrom:x:11:
mail:x:12:postfix
man:x:15:
dialout:x:18:
floppy:x:19:
games:x:20:
tape:x:33:
video:x:39:
ftp:x:50:
lock:x:54:
audio:x:63:
nobody:x:99:
users:x:100:
utmp:x:22:
utempter:x:35:
input:x:999:
systemd-journal:x:190:
systemd-network:x:192:
dbus:x:81:
polkitd:x:998:
printadmin:x:997:
libstoragemgmt:x:996:
colord:x:995:
rpc:x:32:
dip:x:40:
cgred:x:994:
saned:x:993:
ssh_keys:x:992:
saslauth:x:76:
abrt:x:173:
setroubleshoot:x:991:
rtkit:x:172:
pulse-access:x:990:
pulse-rt:x:989:
pulse:x:171:
chrony:x:988:
unbound:x:987:
radvd:x:75:
tss:x:59:
libvirt:x:986:
usbmuxd:x:113:
geoclue:x:985:
kvm:x:36:qemu
qemu:x:107:
gluster:x:984:
gdm:x:42:
rpcuser:x:29:
nfsnobody:x:65534:
gnome-initial-setup:x:983:
sshd:x:74:
avahi:x:70:
slocate:x:21:
postdrop:x:90:
postfix:x:89:
ntp:x:38:
stapusr:x:156:
stapsys:x:157:
stapdev:x:158:
tcpdump:x:72:
spiderman:x:1000:spiderman
CDAC:x:1001:dbda,ditiss
dbda:x:1003:
dia:x:1004:
ditiss:x:1005:
harry1:x:1007:
tom1:x:1008:
natasha1:x:1009:
group11:x:1010:
group21:x:1011:
group31:x:1012:
tom:x:1013:
ketan:x:1014:
neel:x:1015:
nikita:x:1016:
group1:x:1017:ketan
group2:x:1018:
group3:x:1019:
[root@ditiss1 ~]# groupdel group2
[root@ditiss1 ~]# groupdel group3
[root@ditiss1 ~]# groupdel group1
[root@ditiss1 ~]# id ketan
uid=1010(ketan) gid=1014(ketan) groups=1014(ketan)
[root@ditiss1 ~]# 
usbmuxd:x:113:
geoclue:x:985:
kvm:x:36:qemu
qemu:x:107:
gluster:x:984:
gdm:x:42:
rpcuser:x:29:
nfsnobody:x:65534:
gnome-initial-setup:x:983:
sshd:x:74:
avahi:x:70:
slocate:x:21:
postdrop:x:90:
postfix:x:89:
ntp:x:38:
stapusr:x:156:
stapsys:x:157:
stapdev:x:158:
tcpdump:x:72:
spiderman:x:1000:spiderman
CDAC:x:1001:dbda,ditiss
dbda:x:1003:
dia:x:1004:
ditiss:x:1005:
harry1:x:1007:
tom1:x:1008:
natasha1:x:1009:
group11:x:1010:
group21:x:1011:
group31:x:1012:
tom:x:1013:
[root@ditiss1 ~]# userdel harry
userdel: user 'harry' does not exist
[root@ditiss1 ~]# useradd harry
useradd: warning: the home directory already exists.
Not copying any file from skel directory into it.
Creating mailbox file: File exists
[root@ditiss1 ~]# userdel harry
[root@ditiss1 ~]# useradd harr
[root@ditiss1 ~]# userdel harr
[root@ditiss1 ~]# clear

[root@ditiss1 ~]# useradd ketan
[root@ditiss1 ~]# useradd neel
[root@ditiss1 ~]# useradd nikita
[root@ditiss1 ~]# groupadd group1
[root@ditiss1 ~]# usermod -G group1 ketan
[root@ditiss1 ~]# groupadd group2
[root@ditiss1 ~]# usermod -G group2 neel
[root@ditiss1 ~]# usermod -G group2 nikita
[root@ditiss1 ~]# groupadd group3
[root@ditiss1 ~]# usermod -aG group3 nikita

[root@ditiss1 ~]# cat /etc/group
root:x:0:
bin:x:1:
daemon:x:2:
sys:x:3:
adm:x:4:
tty:x:5:
disk:x:6:
lp:x:7:
mem:x:8:
kmem:x:9:
wheel:x:10:
cdrom:x:11:
mail:x:12:postfix
man:x:15:
dialout:x:18:
floppy:x:19:
games:x:20:
tape:x:33:
video:x:39:
ftp:x:50:
lock:x:54:
audio:x:63:
nobody:x:99:
users:x:100:
utmp:x:22:
utempter:x:35:
input:x:999:
systemd-journal:x:190:
systemd-network:x:192:
dbus:x:81:
polkitd:x:998:
printadmin:x:997:
libstoragemgmt:x:996:
colord:x:995:
rpc:x:32:
dip:x:40:
cgred:x:994:
saned:x:993:
ssh_keys:x:992:
saslauth:x:76:
abrt:x:173:
setroubleshoot:x:991:
rtkit:x:172:
pulse-access:x:990:
pulse-rt:x:989:
pulse:x:171:
chrony:x:988:
unbound:x:987:
radvd:x:75:
tss:x:59:
libvirt:x:986:
usbmuxd:x:113:
geoclue:x:985:
kvm:x:36:qemu
qemu:x:107:
gluster:x:984:
gdm:x:42:
rpcuser:x:29:
nfsnobody:x:65534:
gnome-initial-setup:x:983:
sshd:x:74:
avahi:x:70:
slocate:x:21:
postdrop:x:90:
postfix:x:89:
ntp:x:38:
stapusr:x:156:
stapsys:x:157:
stapdev:x:158:
tcpdump:x:72:
spiderman:x:1000:spiderman
CDAC:x:1001:dbda,ditiss
dbda:x:1003:
dia:x:1004:
ditiss:x:1005:
harry1:x:1007:
tom1:x:1008:
natasha1:x:1009:
group11:x:1010:
group21:x:1011:
group31:x:1012:
tom:x:1013:
ketan:x:1014:
neel:x:1015:
nikita:x:1016:
group1:x:1017:ketan
group2:x:1018:neel,nikita
group3:x:1019:nikita

[root@ditiss1 ~]# gpasswd -d nikita group2
Removing user nikita from group group2
[root@ditiss1 ~]# gpasswd -d neel group2
Removing user neel from group group2
[root@ditiss1 ~]# gpasswd -d nikita group3
Removing user nikita from group group3
[root@ditiss1 ~]# cat /etc/group
root:x:0:
bin:x:1:
daemon:x:2:
sys:x:3:
adm:x:4:
tty:x:5:
disk:x:6:
lp:x:7:
mem:x:8:
kmem:x:9:
wheel:x:10:
cdrom:x:11:
mail:x:12:postfix
man:x:15:
dialout:x:18:
floppy:x:19:
games:x:20:
tape:x:33:
video:x:39:
ftp:x:50:
lock:x:54:
audio:x:63:
nobody:x:99:
users:x:100:
utmp:x:22:
utempter:x:35:
input:x:999:
systemd-journal:x:190:
systemd-network:x:192:
dbus:x:81:
polkitd:x:998:
printadmin:x:997:
libstoragemgmt:x:996:
colord:x:995:
rpc:x:32:
dip:x:40:
cgred:x:994:
saned:x:993:
ssh_keys:x:992:
saslauth:x:76:
abrt:x:173:
setroubleshoot:x:991:
rtkit:x:172:
pulse-access:x:990:
pulse-rt:x:989:
pulse:x:171:
chrony:x:988:
unbound:x:987:
radvd:x:75:
tss:x:59:
libvirt:x:986:
usbmuxd:x:113:
geoclue:x:985:
kvm:x:36:qemu
qemu:x:107:
gluster:x:984:
gdm:x:42:
rpcuser:x:29:
nfsnobody:x:65534:
gnome-initial-setup:x:983:
sshd:x:74:
avahi:x:70:
slocate:x:21:
postdrop:x:90:
postfix:x:89:
ntp:x:38:
stapusr:x:156:
stapsys:x:157:
stapdev:x:158:
tcpdump:x:72:
spiderman:x:1000:spiderman
CDAC:x:1001:dbda,ditiss
dbda:x:1003:
dia:x:1004:
ditiss:x:1005:
harry1:x:1007:
tom1:x:1008:
natasha1:x:1009:
group11:x:1010:
group21:x:1011:
group31:x:1012:
tom:x:1013:
ketan:x:1014:
neel:x:1015:
nikita:x:1016:
group1:x:1017:ketan
group2:x:1018:
group3:x:1019:
[root@ditiss1 ~]# groupdel group2
[root@ditiss1 ~]# groupdel group3
[root@ditiss1 ~]# groupdel group1
[root@ditiss1 ~]# id ketan
uid=1010(ketan) gid=1014(ketan) groups=1014(ketan)
[root@ditiss1 ~]# cat /etc/group
root:x:0:
bin:x:1:
daemon:x:2:
sys:x:3:
adm:x:4:
tty:x:5:
disk:x:6:
lp:x:7:
mem:x:8:
kmem:x:9:
wheel:x:10:
cdrom:x:11:
mail:x:12:postfix
man:x:15:
dialout:x:18:
floppy:x:19:
games:x:20:
tape:x:33:
video:x:39:
ftp:x:50:
lock:x:54:
audio:x:63:
nobody:x:99:
users:x:100:
utmp:x:22:
utempter:x:35:
input:x:999:
systemd-journal:x:190:
systemd-network:x:192:
dbus:x:81:
polkitd:x:998:
printadmin:x:997:
libstoragemgmt:x:996:
colord:x:995:
rpc:x:32:
dip:x:40:
cgred:x:994:
saned:x:993:
ssh_keys:x:992:
saslauth:x:76:
abrt:x:173:
setroubleshoot:x:991:
rtkit:x:172:
pulse-access:x:990:
pulse-rt:x:989:
pulse:x:171:
chrony:x:988:
unbound:x:987:
radvd:x:75:
tss:x:59:
libvirt:x:986:
usbmuxd:x:113:
geoclue:x:985:
kvm:x:36:qemu
qemu:x:107:
gluster:x:984:
gdm:x:42:
rpcuser:x:29:
nfsnobody:x:65534:
gnome-initial-setup:x:983:
sshd:x:74:
avahi:x:70:
slocate:x:21:
postdrop:x:90:
postfix:x:89:
ntp:x:38:
stapusr:x:156:
stapsys:x:157:
stapdev:x:158:
tcpdump:x:72:
spiderman:x:1000:spiderman
CDAC:x:1001:dbda,ditiss
dbda:x:1003:
dia:x:1004:
ditiss:x:1005:
harry1:x:1007:
tom1:x:1008:
natasha1:x:1009:
group11:x:1010:
group21:x:1011:
group31:x:1012:
tom:x:1013:
ketan:x:1014:
neel:x:1015:
nikita:x:1016:
[root@ditiss1 ~]# 

------------------------------------------------------------------------


